// Jest Snapshot v1, https://goo.gl/fbAQLP

exports[`Categories Resolver - Snapshot should match snapshot 1`] = `
{
  "data": null,
  "errors": [
    [GraphQLError: No metadata for "Category" was found.],
  ],
}
`;
